// Jest Snapshot v1, https://goo.gl/fbAQLP

exports[`Pruebas enn PrimeraApp despliegue correcto de <PrimeraApp /> 1`] = `
<Fragment>
  <h1>
    Hola hola
  </h1>
  <p>
    Soy un subtitulo
  </p>
</Fragment>
`;
